
> qr@0.1.0 build
> react-scripts build

Creating an optimized production build...
Failed to compile.

[eslint] 
src\App.js
  Line 248:28:  React Hook "useLocation" cannot be called inside a callback. React Hooks must be called in a React function component or a custom React Hook function  react-hooks/rules-of-hooks

Search for the keywords to learn more about each error.


